// Jest Snapshot v1, https://goo.gl/fbAQLP

exports[`AddTaskMock calls mockAddDoc when "Done" button is clicked 1`] = `
<DocumentFragment>
  <div
    class="modalContainer"
  >
    <div
      class="modal undefined"
    >
      <div
        class="modal__head"
      >
        <h2>
          Add Task
        </h2>
        <span
          class="modal__close"
        >
          x
        </span>
      </div>
      <form
        class="addTask"
        name="addTask"
      >
        <input
          name="title"
          placeholder="Enter title"
          type="text"
          value="MOCK TASK TITLE"
        />
        <textarea
          name="description"
          placeholder="Enter task description"
        >
          Mock Task Description
        </textarea>
        <button
          name="done"
          type="submit"
        >
          Done
        </button>
      </form>
    </div>
  </div>
</DocumentFragment>
`;
